[ 41%] Built target kernel
[ 88%] Built target bootloader
[ 94%] Creating hybrid ISO
cmake : GNU xorriso 1.5.6 : RockRidge filesystem manipulator, libburnia project.
En línea: 1 Carácter: 1
+ cmake --build build --target leonelos_image 2>&1 | Out-File -FilePath ...
+ ~~~~~~~~~~~~~~~~~~~~~~~~~~~~~~~~~~~~~~~~~~~~~~~~
    + CategoryInfo          : NotSpecified: (GNU xorriso 1.5...burnia project.:String) [], RemoteException
    + FullyQualifiedErrorId : NativeCommandError
 

Drive current: -outdev 'stdio:C:/Users/leone/Documents/Leonel/Proyectos/Sistemas/LeonelOS/build/leonelos.iso'
Media current: stdio file, overwriteable
Media status : is blank
Media summary: 0 sessions, 0 data blocks, 0 data, 75.2g free
xorriso : WARNING : EFI boot equipment is provided but no directory /EFI/BOOT
xorriso : WARNING : will emerge in the ISO filesystem. A popular method to
xorriso : WARNING : prepare a USB stick on MS-Windows relies on having in the
xorriso : WARNING : ISO filesystem a copy of the EFI System Partition tree.
xorriso : UPDATE : Thank you for being patient. Working since 0 seconds.
ISO image produced: 8217 sectors
Written to medium : 8224 sectors at LBA 32
Writing to 'stdio:C:/Users/leone/Documents/Leonel/Proyectos/Sistemas/LeonelOS/build/leonelos.iso' completed 
successfully.

[100%] Built target leonelos_image
